
> backend@1.0.0 test
> jest src/email/email.processor.spec.ts

node.exe : FAIL src/email/email.processor.spec.ts
At line:1 char:1
+ & "C:\nvm4w\nodejs/node.exe" 
"C:\nvm4w\nodejs/node_modules/npm/bin/np ...
+ ~~~~~~~~~~~~~~~~~~~~~~~~~~~~~~~~~~~~~~~~~~~~~~~~~~
~~~~~~~~~~~~~~~~~~~
    + CategoryInfo          : NotSpecified: (FAIL s 
   rc/email/email.processor.spec.ts:String) [], Re  
  moteException
    + FullyQualifiedErrorId : NativeCommandError
 
  ΓùÅ Test suite failed to run

    [96msrc/email/email.processor.ts[0m:[93m98[0
m:[93m59[0m - [91merror[0m[90m TS18046: 
[0m'error' is of type 'unknown'.

    [7m98[0m       this.logger.error(`Failed to 
send email to ${to}: ${error.message}`);
    [7m  [0m [91m                                
                          ~~~~~[0m

Test Suites: 1 failed, 1 total
Tests:       0 total
Snapshots:   0 total
Time:        8.758 s
Ran all test suites matching 
/src\\email\\email.processor.spec.ts/i.
npm error Lifecycle script `test` failed with error:
npm error code 1
npm error path 
C:\projetcs\dripswave\StellarSplit-emrys\backend
npm error workspace backend@1.0.0
npm error location 
C:\projetcs\dripswave\StellarSplit-emrys\backend
npm error command failed
npm error command C:\WINDOWS\system32\cmd.exe /d /s 
/c jest src/email/email.processor.spec.ts
